// Jest Snapshot v1, https://goo.gl/fbAQLP

exports[`render with props 1`] = `
<div
  class="sc-bdfBQB aujAO"
>
  <div
    class="sc-gsTEea hGQBnA"
  >
    <button
      class="MuiButtonBase-root MuiIconButton-root"
      data-testid="HamburgerButton"
      name="HamburgerButton"
      tabindex="0"
      type="button"
    >
      <span
        class="MuiIconButton-label"
      >
        <svg
          aria-hidden="true"
          class="MuiSvgIcon-root MuiSvgIcon-fontSizeLarge"
          focusable="false"
          viewBox="0 0 24 24"
        >
          <path
            d="M3 18h18v-2H3v2zm0-5h18v-2H3v2zm0-7v2h18V6H3z"
          />
        </svg>
      </span>
      <span
        class="MuiTouchRipple-root"
      />
    </button>
    <div
      class="sc-dlfnuX jzRvPj"
    >
      <h1
        data-testid="Register"
      >
        Register Card Form
      </h1>
    </div>
  </div>
  <div
    class="sc-hKgJUU hZthbb"
  >
    <div
      class="sc-eCstlR hAHCGk"
    >
      <h2
        style="margin-top: 20px;"
      >
        Welcome 
        {
         User.FirstName 
        }
      </h2>
      <form>
        <div
          class="MuiFormControl-root MuiTextField-root"
          style="display: block; margin-bottom: 20px; width: 400px;"
        >
          <label
            class="MuiFormLabel-root MuiInputLabel-root MuiInputLabel-formControl MuiInputLabel-animated MuiInputLabel-outlined Mui-required Mui-required"
            data-shrink="false"
          >
            Credit Card Number
            <span
              aria-hidden="true"
              class="MuiFormLabel-asterisk MuiInputLabel-asterisk"
            >
               
              *
            </span>
          </label>
          <div
            class="MuiInputBase-root MuiOutlinedInput-root MuiInputBase-formControl"
          >
            <input
              aria-invalid="false"
              class="MuiInputBase-input MuiOutlinedInput-input"
              data-testid="CreditCardNumber"
              name="Credit Card Number Input"
              required=""
              type="text"
              value=""
            />
            <fieldset
              aria-hidden="true"
              class="PrivateNotchedOutline-root-1 MuiOutlinedInput-notchedOutline"
            >
              <legend
                class="PrivateNotchedOutline-legendLabelled-3"
              >
                <span>
                  Credit Card Number
                   *
                </span>
              </legend>
            </fieldset>
          </div>
          
        </div>
        <div
          class="MuiFormControl-root MuiTextField-root"
          style="width: 100px; margin-right: 20px;"
        >
          <label
            class="MuiFormLabel-root MuiInputLabel-root MuiInputLabel-formControl MuiInputLabel-animated MuiInputLabel-outlined Mui-required Mui-required"
            data-shrink="false"
          >
            CVC
            <span
              aria-hidden="true"
              class="MuiFormLabel-asterisk MuiInputLabel-asterisk"
            >
               
              *
            </span>
          </label>
          <div
            class="MuiInputBase-root MuiOutlinedInput-root MuiInputBase-formControl"
          >
            <input
              aria-invalid="false"
              class="MuiInputBase-input MuiOutlinedInput-input"
              data-testid="CVC"
              name="CVC"
              required=""
              type="text"
              value=""
            />
            <fieldset
              aria-hidden="true"
              class="PrivateNotchedOutline-root-1 MuiOutlinedInput-notchedOutline"
            >
              <legend
                class="PrivateNotchedOutline-legendLabelled-3"
              >
                <span>
                  CVC
                   *
                </span>
              </legend>
            </fieldset>
          </div>
          
        </div>
        <div
          class="MuiFormControl-root MuiTextField-root"
          style="width: 120px; margin-right: 20px;"
        >
          <label
            class="MuiFormLabel-root MuiInputLabel-root MuiInputLabel-formControl MuiInputLabel-animated MuiInputLabel-outlined Mui-required Mui-required"
            data-shrink="false"
          >
            Expire
            <span
              aria-hidden="true"
              class="MuiFormLabel-asterisk MuiInputLabel-asterisk"
            >
               
              *
            </span>
          </label>
          <div
            class="MuiInputBase-root MuiOutlinedInput-root MuiInputBase-formControl"
          >
            <input
              aria-invalid="false"
              class="MuiInputBase-input MuiOutlinedInput-input"
              data-testid="Expire"
              name="Expire"
              required=""
              type="text"
              value=""
            />
            <fieldset
              aria-hidden="true"
              class="PrivateNotchedOutline-root-1 MuiOutlinedInput-notchedOutline"
            >
              <legend
                class="PrivateNotchedOutline-legendLabelled-3"
              >
                <span>
                  Expire
                   *
                </span>
              </legend>
            </fieldset>
          </div>
          
        </div>
        <button
          class="MuiButtonBase-root MuiButton-root MuiButton-contained MuiButton-containedSizeLarge MuiButton-sizeLarge"
          data-testid="Submit"
          name="Submit"
          style="display: block; margin-top: 20px; width: 200px;"
          tabindex="0"
          type="submit"
        >
          <span
            class="MuiButton-label"
          >
            Submit
          </span>
          <span
            class="MuiTouchRipple-root"
          />
        </button>
      </form>
    </div>
  </div>
</div>
`;
